// Jest Snapshot v1, https://goo.gl/fbAQLP

exports[`<Dashboard /> 1`] = `
<div
  className="makeStyles-root-1"
>
  <header
    className="MuiPaper-root MuiAppBar-root MuiAppBar-positionAbsolute MuiAppBar-colorPrimary makeStyles-appBar-3 MuiPaper-elevation4"
  >
    <div
      className="MuiToolbar-root MuiToolbar-regular makeStyles-toolbar-2 MuiToolbar-gutters"
    >
      <h1
        className="MuiTypography-root makeStyles-title-4 MuiTypography-h6 MuiTypography-colorInherit MuiTypography-noWrap"
      >
        Experta Seguros
      </h1>
      <button
        className="MuiButtonBase-root MuiIconButton-root MuiIconButton-colorInherit"
        disabled={false}
        onBlur={[Function]}
        onClick={[Function]}
        onDragLeave={[Function]}
        onFocus={[Function]}
        onKeyDown={[Function]}
        onKeyUp={[Function]}
        onMouseDown={[Function]}
        onMouseLeave={[Function]}
        onMouseUp={[Function]}
        onTouchEnd={[Function]}
        onTouchMove={[Function]}
        onTouchStart={[Function]}
        tabIndex={0}
        type="button"
      >
        <span
          className="MuiIconButton-label"
        >
          <svg
            aria-hidden={true}
            className="MuiSvgIcon-root"
            focusable="false"
            viewBox="0 0 24 24"
          >
            <path
              d="M19 13h-6v6h-2v-6H5v-2h6V5h2v6h6v2z"
            />
          </svg>
        </span>
      </button>
    </div>
  </header>
  <main
    className="makeStyles-content-6"
  >
    <div
      className="makeStyles-appBarSpacer-5"
    />
    <div
      className="MuiContainer-root makeStyles-container-7 MuiContainer-maxWidthLg"
    >
      <div
        className="MuiGrid-root MuiGrid-container MuiGrid-spacing-xs-3"
      >
        <div
          className="MuiGrid-root MuiGrid-item MuiGrid-grid-xs-12"
        >
          <div
            className="MuiPaper-root makeStyles-paper-8 MuiPaper-elevation1 MuiPaper-rounded"
          >
            <h2
              className="MuiTypography-root MuiTypography-h6 MuiTypography-colorPrimary MuiTypography-gutterBottom"
            >
              Proveedores
            </h2>
            <table
              className="MuiTable-root"
              role={null}
            >
              <thead
                className="MuiTableHead-root"
                role={null}
              >
                <tr
                  className="MuiTableRow-root MuiTableRow-head"
                  role={null}
                >
                  <th
                    aria-sort={null}
                    className="MuiTableCell-root MuiTableCell-head MuiTableCell-sizeSmall"
                    scope="col"
                  >
                    Nombre
                  </th>
                  <th
                    aria-sort={null}
                    className="MuiTableCell-root MuiTableCell-head MuiTableCell-sizeSmall"
                    scope="col"
                  >
                    CUIT
                  </th>
                  <th
                    aria-sort={null}
                    className="MuiTableCell-root MuiTableCell-head MuiTableCell-sizeSmall"
                    scope="col"
                  >
                    Fecha de creación
                  </th>
                  <th
                    aria-sort={null}
                    className="MuiTableCell-root MuiTableCell-head MuiTableCell-alignRight MuiTableCell-sizeSmall"
                    scope="col"
                  />
                </tr>
              </thead>
              <tbody
                className="MuiTableBody-root"
                role={null}
              >
                <tr
                  className="MuiTableRow-root"
                  role={null}
                >
                  <td
                    aria-sort={null}
                    className="MuiTableCell-root MuiTableCell-body MuiTableCell-sizeSmall"
                  >
                    testName
                  </td>
                  <td
                    aria-sort={null}
                    className="MuiTableCell-root MuiTableCell-body MuiTableCell-sizeSmall"
                  >
                    -12345665
                  </td>
                  <td
                    aria-sort={null}
                    className="MuiTableCell-root MuiTableCell-body MuiTableCell-sizeSmall"
                  >
                    Invalid Date
                  </td>
                  <td
                    aria-sort={null}
                    className="MuiTableCell-root MuiTableCell-body MuiTableCell-alignRight MuiTableCell-sizeSmall"
                  >
                    <button
                      className="MuiButtonBase-root MuiButton-root MuiButton-text"
                      disabled={false}
                      onBlur={[Function]}
                      onClick={[Function]}
                      onDragLeave={[Function]}
                      onFocus={[Function]}
                      onKeyDown={[Function]}
                      onKeyUp={[Function]}
                      onMouseDown={[Function]}
                      onMouseLeave={[Function]}
                      onMouseUp={[Function]}
                      onTouchEnd={[Function]}
                      onTouchMove={[Function]}
                      onTouchStart={[Function]}
                      tabIndex={0}
                      type="button"
                    >
                      <span
                        className="MuiButton-label"
                      >
                        <svg
                          aria-hidden={true}
                          className="MuiSvgIcon-root"
                          focusable="false"
                          style={
                            Object {
                              "color": "grey",
                            }
                          }
                          viewBox="0 0 24 24"
                        >
                          <path
                            d="M12 12c2.21 0 4-1.79 4-4s-1.79-4-4-4-4 1.79-4 4 1.79 4 4 4zm0 2c-2.67 0-8 1.34-8 4v2h16v-2c0-2.66-5.33-4-8-4z"
                          />
                        </svg>
                      </span>
                    </button>
                    <button
                      className="MuiButtonBase-root MuiButton-root MuiButton-text"
                      disabled={false}
                      onBlur={[Function]}
                      onClick={[Function]}
                      onDragLeave={[Function]}
                      onFocus={[Function]}
                      onKeyDown={[Function]}
                      onKeyUp={[Function]}
                      onMouseDown={[Function]}
                      onMouseLeave={[Function]}
                      onMouseUp={[Function]}
                      onTouchEnd={[Function]}
                      onTouchMove={[Function]}
                      onTouchStart={[Function]}
                      tabIndex={0}
                      type="button"
                    >
                      <span
                        className="MuiButton-label"
                      >
                        <svg
                          aria-hidden={true}
                          className="MuiSvgIcon-root"
                          focusable="false"
                          style={
                            Object {
                              "color": "grey",
                            }
                          }
                          viewBox="0 0 24 24"
                        >
                          <path
                            d="M6 19c0 1.1.9 2 2 2h8c1.1 0 2-.9 2-2V7H6v12zM19 4h-3.5l-1-1h-5l-1 1H5v2h14V4z"
                          />
                        </svg>
                      </span>
                    </button>
                  </td>
                </tr>
              </tbody>
            </table>
            <div
              className="makeStyles-seeMore-9"
            >
              <a
                className="MuiTypography-root MuiLink-root MuiLink-underlineHover MuiTypography-colorPrimary"
                href="#"
                onBlur={[Function]}
                onClick={[Function]}
                onFocus={[Function]}
              >
                Ver más proveedores
              </a>
            </div>
          </div>
        </div>
      </div>
      <div
        className="MuiBox-root MuiBox-root-10"
      >
        <p
          className="MuiTypography-root MuiTypography-body2 MuiTypography-colorTextSecondary MuiTypography-alignCenter"
        >
          Copyright © 
          <a
            className="MuiTypography-root MuiLink-root MuiLink-underlineHover MuiTypography-colorInherit"
            href="https://www.experta.com.ar"
            onBlur={[Function]}
            onFocus={[Function]}
          >
            Experta Seguros
          </a>
           
          2020
          .
        </p>
      </div>
    </div>
  </main>
</div>
`;
